// Jest Snapshot v1, https://goo.gl/fbAQLP

exports[`Navigation component should match snapshot 1`] = `
<DocumentFragment>
  <nav
    class="navbar navbar-expand-lg navbar-dark bg-dark"
  >
    <a
      class="navbar-brand"
      href="/"
    >
      Aine Wilson Counselling
    </a>
    <button
      class="navbar-toggler"
      data-target="#navbarSupportContent"
      data-toggle="collapse"
      type="button"
    >
      <span
        class="navbar-toggler-icon"
      />
    </button>
    <div
      class="collapse navbar-collapse"
      id="navbarSupportContent"
    >
      <ul
        class="navbar-nav ml-auto"
      >
        <li
          class="nav-item active"
          data-testid="navigation-home"
        >
          <a
            class="nav-link"
            data-name="home"
            href="/"
          >
            Home
          </a>
        </li>
        <li
          class="nav-item"
          data-testid="navigation-about-me"
        >
          <a
            class="nav-link"
            data-name="about-me"
            href="/"
          >
            About Me
          </a>
        </li>
        <li
          class="nav-item"
          data-testid="navigation-family-programme"
        >
          <a
            class="nav-link"
            data-name="family-programme"
            href="/"
          >
            Family Programme
          </a>
        </li>
        <li
          class="nav-item"
          data-testid="navigation-timeout-programme"
        >
          <a
            class="nav-link"
            data-name="timeout-programme"
            href="/"
          >
            Time out Programme
          </a>
        </li>
        <li
          class="nav-item"
          data-testid="navigation-qualifications"
        >
          <a
            class="nav-link"
            data-name="qualifications"
            href="/"
          >
            Qualifications
          </a>
        </li>
        <li
          class="nav-item"
          data-testid="navigation-contact"
        >
          <a
            class="nav-link"
            data-name="contact"
            href="/"
          >
            Contact
          </a>
        </li>
      </ul>
    </div>
  </nav>
</DocumentFragment>
`;
